// Jest Snapshot v1, https://goo.gl/fbAQLP

exports[`/processor.js .resolve() should fall back to a default resolver 1`] = `
Array [
  "packages/processor/test/specimens/local.css",
]
`;

exports[`/processor.js .resolve() should run resolvers until a match is found 1`] = `
Array [
  "packages/processor/test/specimens/local.css",
]
`;
