// Jest Snapshot v1, https://goo.gl/fbAQLP

exports[`/processor.js .normalize() should normalize inputs 1`] = `
Array [
  "simple.css",
]
`;
